dialog: |
  <p>SOME LITERAL HTML TEXT THAT SHOULD BE PROCESSED AS A BLOCK</p> <ul> <li>ITEM 1</li> <li>ITEM 2</li> <li>ITEM 3</li> </ul>
not: NOT LITERAL
